cargo : warning: virtual 
workspace defaulting to 
`resolver = "1"` despite one 
or more workspace members 
being on edition 2021 which 
implies `resolver = "2"`
Au caractère Ligne:1 : 68
+ ... cargo\bin"; cargo 
check --target 
x86_64-pc-windows-gnu > 
build_errors ...
+                 ~~~~~~~~~~~
~~~~~~~~~~~~~~~~~~~~~~~~~~~~~
~~~~~~~~~~~~~~~~~
    + CategoryInfo           
   : NotSpecified: (warning  
  : virtua...resolver = "2   
 "`:String) [], RemoteExc    
eption
    + FullyQualifiedErrorId  
   : NativeCommandError
 
  |
  = note: to keep the 
current resolver, specify 
`workspace.resolver = "1"` 
in the workspace root's 
manifest
  = note: to use the edition 
2021 resolver, specify 
`workspace.resolver = "2"` 
in the workspace root's 
manifest
  = note: for more details 
see https://doc.rust-lang.org
/cargo/reference/resolver.htm
l#resolver-versions
   Compiling proc-macro2 
v1.0.106
   Compiling quote v1.0.44
   Compiling typenum v1.19.0
   Compiling generic-array 
v0.14.7
    Checking pin-utils v0.1.0
    Checking log v0.4.29
   Compiling serde_core 
v1.0.228
    Checking cpufeatures 
v0.2.17
    Checking rand_core v0.6.4
    Checking futures-channel 
v0.3.31
    Checking slab v0.4.12
    Checking futures-task 
v0.3.31
    Checking futures-io 
v0.3.31
error: linker `link.exe` not 
found
  |
  = note: program not found

note: the msvc targets 
depend on the msvc linker 
but `link.exe` was not found

note: please ensure that 
Visual Studio 2017 or later, 
or Build Tools for Visual 
Studio were installed with 
the Visual C++ option.

note: VS Code is a different 
product, and is not 
sufficient.

   Compiling 
parking_lot_core v0.9.12
error: could not compile 
`generic-array` (build 
script) due to 1 previous 
error
warning: build failed, 
waiting for other jobs to 
finish...
error: could not compile 
`quote` (build script) due 
to 1 previous error
error: could not compile 
`proc-macro2` (build script) 
due to 1 previous error
error: could not compile 
`typenum` (build script) due 
to 1 previous error
error: could not compile 
`serde_core` (build script) 
due to 1 previous error
error: could not compile 
`parking_lot_core` (build 
script) due to 1 previous 
error
